// Jest Snapshot v1, https://goo.gl/fbAQLP

exports[`<MuiRadio /> snapshot 1`] = `
<form
  onSubmit={[Function]}
>
  <label
    className="MuiFormControlLabel-root"
    data-testid="MuiRadioID"
    field={
      Object {
        "input": Object {
          "checked": false,
          "name": "radioName",
          "onBlur": [Function],
          "onChange": [Function],
          "onFocus": [Function],
          "type": "radio",
          "value": "hello",
        },
        "meta": Object {
          "active": false,
          "data": Object {},
          "dirty": false,
          "dirtySinceLastSubmit": false,
          "error": undefined,
          "initial": undefined,
          "invalid": false,
          "length": undefined,
          "modified": false,
          "modifiedSinceLastSubmit": false,
          "pristine": true,
          "submitError": undefined,
          "submitFailed": false,
          "submitSucceeded": false,
          "submitting": false,
          "touched": false,
          "valid": true,
          "validating": false,
          "visited": false,
        },
      }
    }
    id="radioName"
  >
    <span
      aria-disabled={false}
      className="MuiButtonBase-root MuiIconButton-root PrivateSwitchBase-root-1 MuiRadio-root MuiRadio-colorSecondary MuiIconButton-colorSecondary"
      onBlur={[Function]}
      onDragLeave={[Function]}
      onFocus={[Function]}
      onKeyDown={[Function]}
      onKeyUp={[Function]}
      onMouseDown={[Function]}
      onMouseLeave={[Function]}
      onMouseUp={[Function]}
      onTouchEnd={[Function]}
      onTouchMove={[Function]}
      onTouchStart={[Function]}
      tabIndex={null}
    >
      <span
        className="MuiIconButton-label"
      >
        <input
          checked={false}
          className="PrivateSwitchBase-input-4"
          onChange={[Function]}
          type="radio"
          value="hello"
        />
        <span
          aria-hidden={true}
          className="material-icons MuiIcon-root MuiIcon-colorSecondary"
        >
          email
        </span>
      </span>
    </span>
    <span
      className="MuiTypography-root MuiFormControlLabel-label MuiTypography-body1"
    >
      
    </span>
  </label>
</form>
`;
