// Jest Snapshot v1, https://goo.gl/fbAQLP

exports[`<Select /> snapshot 1`] = `
<form
  onSubmit={[Function]}
>
  <label
    htmlFor="cool"
    style={
      Object {
        "display": "flex",
        "flexDirection": "column",
      }
    }
  >
    <span>
      
    </span>
    <select
      id="cool"
      name="cool"
      onBlur={[Function]}
      onChange={[Function]}
      onFocus={[Function]}
      value=""
    >
      <option
        value="{\\"num\\":\\"six\\"}"
      >
        six
      </option>
      <option
        value="{\\"num\\":\\"nine\\"}"
      >
        nine
      </option>
    </select>
  </label>
</form>
`;
