// Jest Snapshot v1, https://goo.gl/fbAQLP

exports[`<Input /> snapshot 1`] = `
<form
  onSubmit={[Function]}
>
  <label
    htmlFor="cool"
  >
    <input
      disabled={false}
      id="cool"
      maxLength={null}
      name="cool"
      onBlur={[Function]}
      onChange={[Function]}
      onFocus={[Function]}
      placeholder=""
      required={false}
      size={0}
      type="text"
      value=""
    />
    
  </label>
</form>
`;
